ark
aurorae
bluedevil
breeze
breeze-gtk
breeze-plymouth
discover
dolphin
dolphin-plugins
drkonqi
ffmpegthumbs
filelight
flatpak-kcm
gwenview
kactivitymanagerd
kate
kalk
kcharselect
kcolorchooser
kde-cli-tools
kde-gtk-config
kdeconnect
kdecoration
kdegraphics-thumbnailers
kdenetwork-filesharing
kdeplasma-addons
kdf
kdialog
kfind
kgamma
kglobalacceld
kgpg
kinfocenter
kio
kio-admin
kio-extras
kio-fuse
kio-gdrive
kio-zeroconf
kmenuedit
konsole
kontact
kpat
kpipewire
krdp
kscreen
kscreenlocker
ksshaskpass
ksystemlog
ksystemstats
kwallet-pam
kwalletmanager
kwayland
kwin
kwin-x11
kwrited
layer-shell-qt
libkscreen
libksysguard
libplasma
milou
ocean-sound-theme
okular
oxygen
oxygen-sounds
partitionmanager
plasma-activities
plasma-activities-stats
plasma-browser-integration
plasma-desktop
plasma-disks
plasma-firewall
plasma-integration
plasma-nm
plasma-pa
plasma-sdk
plasma-systemmonitor
plasma-thunderbolt
plasma-vault
plasma-welcome
plasma-workspace
plasma-workspace-wallpapers
plasma5support
plymouth
plymouth-kcm
polkit-kde-agent
powerdevil
print-manager
qqc2-breeze-style
sddm
sddm-kcm
signon-kwallet-extension
spectacle
svgpart
sweeper
systemsettings
wacomtablet
xdg-desktop-portal-kde
yakuake
