alsa-firmware
alsa-plugins
alsa-utils
bluez
bluez-hid2hci
bluez-libs
bluez-obex
bluez-tools
bluez-utils
btop
cpupower
ddclient
dnsmasq
dolphin-emu
fastfetch
gamemode
gnupg
iwd
jellyfin-ffmpeg
jellyfin-server
jellyfin-web
lib32-gamemode
lib32-mangohud
lib32-pipewire
libinput
mangohud
mpd
mpv
nfs-utils
noto-fonts-cjk
p7zip
pipewire
pipewire-alsa
pipewire-audio
pipewire-jack
pipewire-pulse
plymouth
power-profiles-daemon
prismlauncher
rebuild-detector
retroarch
smartmontools
sshfs
steam
ttf-dejavu
ttf-liberation
ufw
ufw-extras
unrar
unzip
upower
wayland
wireplumber
wpa_supplicant
xdg-user-dirs
xdg-utils
xl2tpd
zip
zsh
zsh-autosuggestions
zsh-completions
zsh-syntax-highlighting
