baobab
d-spy
dconf-editor
file-roller
gdm
gnome-backgrounds
gnome-calculator
gnome-calendar
gnome-characters
gnome-clocks
gnome-color-manager
gnome-console
gnome-contacts
gnome-control-center
gnome-disk-utility
gnome-font-viewer
gnome-keyring
gnome-logs
gnome-menus
gnome-music
gnome-session
gnome-settings-daemon
gnome-shell
gnome-system-monitor
gnome-text-editor
gnome-tweaks
gnome-user-docs
gnome-user-share
gnome-weather
grilo-plugins
gst-thumbnailers
gvfs
gvfs-afc
gvfs-dnssd
gvfs-goa
gvfs-gphoto2
gvfs-mtp
gvfs-nfs
gvfs-onedrive
gvfs-smb
gvfs-wsdd
loupe
nautilus
orca
papers
seahorse
showtime
sushi
sysprof
tecla
xdg-desktop-portal-gnome
xdg-user-dirs-gtk
yelp
